
> temp-app@0.1.0 build
> next build

Ôû▓ Next.js 16.1.6 (Turbopack)
- Environments: .env.local

  Creating an optimized production build ...
Ô£ô Compiled successfully in 17.6s
  Running TypeScript ...
  Collecting page data using 7 workers ...
  Generating static pages using 7 workers (0/14) ...
  Generating static pages using 7 workers (3/14) 
  Generating static pages using 7 workers (6/14) 
  Generating static pages using 7 workers (10/14) 
Ô£ô Generating static pages using 7 workers (14/14) in 845.2ms
  Finalizing page optimization ...

Route (app)
Ôöî ãÆ /
Ôö£ ãÆ /_not-found
Ôö£ ãÆ /configuracoes
Ôö£ ãÆ /financeiro
Ôö£ ãÆ /historico
Ôö£ ãÆ /jogadores
Ôö£ ãÆ /login
Ôö£ ãÆ /mesas
Ôö£ ãÆ /ranking
Ôö£ ãÆ /relatorios
Ôö£ ãÆ /torneios
Ôö£ ãÆ /torneios/[id]
Ôöö ãÆ /torneios/novo


ãÆ  (Dynamic)  server-rendered on demand

